// Jest Snapshot v1, https://goo.gl/fbAQLP

exports[`crashy transform 1`] = `"<!DOCTYPE html><html><head><title>Test Page</title></head><body><div class=\\"added\\">this is the root</div><img src=\\"hi.jpg\\" width=\\"100\\"></body></html>"`;

exports[`crashy transform 2`] = `"Error during DOM transform of nochanges.html: Crash!"`;

exports[`file suite 1`] = `"<div>Hi</div>"`;

exports[`file suite 2`] = `"<div class=\\"added\\">Root</div>"`;

exports[`file suite 3`] = `"<!DOCTYPE html><html><head><title>Test Page</title></head><body><div class=\\"added\\">this is the root</div><img src=\\"hi.jpg\\" width=\\"100\\"></body></html>"`;

exports[`file suite 4`] = `"<html><head><title>Test Page</title></head><body><div class=\\"added\\">this is the root</div><img src=\\"hi.jpg\\" width=\\"100\\"></body></html>"`;

exports[`file suite 5`] = `"<title>Test Page</title><p>nothing <em>here"`;
